[themes.muffingroup.com/be/artist3/index.html]
[www.google-analytics.com/analytics.js]
[backblue.gif]
[fade.gif]
[index.html]
[themes.muffingroup.com/be/artist3/wp-content/themes/betheme/images/favicon.ico]
[themes.muffingroup.com/be/artist3/feed/index.html]
[themes.muffingroup.com/be/artist3/wp-content/cache/minify/06b19.css]
[themes.muffingroup.com/be/artist3/wp-content/cache/minify/e0c1f.css]
[themes.muffingroup.com/be/artist3/comments/feed/index.html]
[themes.muffingroup.com/be/artist3/wp-content/cache/minify/42d7f.css]
[themes.muffingroup.com/be/artist3/wp-content/uploads/2020/06/artist3-section-glow.jpg]
[themes.muffingroup.com/be/artist3/wp-content/cache/minify/81b1b.css]
[themes.muffingroup.com/be/artist3/wp-content/cache/minify/de4d8.css]
[themes.muffingroup.com/be/artist3/wp-content/cache/minify/42519.js]
[themes.muffingroup.com/be/artist3/xmlrpc0db0.php]
[themes.muffingroup.com/be/artist3/wp-includes/wlwmanifest.xml]
[themes.muffingroup.com/be/artist3/wp-json/oembed/1.0/embede8db.json]
[themes.muffingroup.com/be/artist3/wp-json/index.html]
[themes.muffingroup.com/be/artist3/wp-json/oembed/1.0/embedb392]
[themes.muffingroup.com/be/artist3/wp-content/uploads/2020/06/artist3-logo.png]
[themes.muffingroup.com/be/artist3/wp-content/uploads/2020/06/artist3-slider-glow.jpg]
[themes.muffingroup.com/be/artist3/shop/index.html]
[themes.muffingroup.com/be/artist3/wp-content/uploads/2020/06/artist3-dude-slider.png]
[themes.muffingroup.com/be/artist3/about-me/index.html]
[themes.muffingroup.com/be/artist3/process/index.html]
[themes.muffingroup.com/be/artist3/contact/index.html]
[themes.muffingroup.com/be/artist3/cart/index.html]
[themes.muffingroup.com/be/artist3/wp-content/uploads/2020/06/artist3-slider-signature.png]
[themes.muffingroup.com/be/artist3/wp-content/uploads/2020/06/artist3-home-logo4.png]
[themes.muffingroup.com/be/artist3/wp-content/uploads/2020/06/artist3-home-logo2.png]
[themes.muffingroup.com/be/artist3/wp-content/uploads/2020/06/artist3-home-logo1.png]
[themes.muffingroup.com/be/artist3/wp-content/uploads/2020/06/artist3-home-logo3.png]
[themes.muffingroup.com/be/artist3/wp-content/uploads/2020/06/artist3-product-8-300x300.jpg]
[themes.muffingroup.com/be/artist3/wp-content/uploads/2020/06/artist3-product-3-300x300.jpg]
[themes.muffingroup.com/be/artist3/wp-content/uploads/2020/06/artist3-product-4-300x300.jpg]
[themes.muffingroup.com/be/artist3/wp-content/uploads/2020/06/artist3-product-7-300x300.jpg]
[themes.muffingroup.com/be/artist3/wp-content/uploads/2020/06/artist3-product-9-300x300.jpg]
[themes.muffingroup.com/be/artist3/wp-content/uploads/2020/06/artist3-product-13-300x300.jpg]
[themes.muffingroup.com/be/artist3/wp-content/uploads/2020/06/artist3-home-pattern.png]
[themes.muffingroup.com/be/artist3/product/cras-accumsan/index.html]
[themes.muffingroup.com/be/artist3/wp-content/uploads/2020/06/artist3-slider-bg-content-1.png]
[themes.muffingroup.com/be/artist3/wp-content/uploads/2020/06/artist3-home-slider-slide-4.jpg]
[themes.muffingroup.com/be/artist3/wp-content/uploads/2020/06/artist3-home-slider-slide-3.jpg]
[themes.muffingroup.com/be/artist3/wp-content/uploads/2020/06/artist3-home-slider-slide-2.jpg]
[themes.muffingroup.com/be/artist3/index7054.html]
[themes.muffingroup.com/be/artist3/wp-content/uploads/2020/06/artist3-home-slider-slide-1.jpg]
[themes.muffingroup.com/be/artist3/wp-content/uploads/2020/06/artist3-home-quotes.png]
[themes.muffingroup.com/be/artist3/wp-content/uploads/2020/06/artist3-testimonial-1.png]
[themes.muffingroup.com/be/artist3/wp-content/uploads/2020/06/artist3-testimonial-4.png]
[themes.muffingroup.com/be/artist3/product/cras-iaculis-eros/index.html]
[themes.muffingroup.com/be/artist3/wp-content/uploads/2020/06/artist3-testimonial-2.png]
[themes.muffingroup.com/be/artist3/wp-content/uploads/2020/06/artist3-home-leaf.png]
[themes.muffingroup.com/be/artist3/wp-content/uploads/2020/06/artist3-logo-footer.png]
[themes.muffingroup.com/cdn-cgi/scripts/5c5dd728/cloudflare-static/email-decode.min.js]
[themes.muffingroup.com/be/artist3/wp-content/cache/minify/361f6.js]
[themes.muffingroup.com/be/artist3/index413e.html]
[themes.muffingroup.com/be/artist3/wp-content/cache/minify/43e37.js]
[themes.muffingroup.com/be/artist3/wp-content/cache/minify/b9e8d.js]
[themes.muffingroup.com/be/artist3/wp-content/cache/minify/6b5ed.js]
[themes.muffingroup.com/be/artist3/index.html]
[themes.muffingroup.com/be/artist3/wp-content/cache/minify/bcf24.js]
[themes.muffingroup.com/be/artist3/product/donec-porttitor/index.html]
[themes.muffingroup.com/be/artist3/wp-content/plugins/contact-form-7/images/ajax-loader.gif]
[themes.muffingroup.com/be/artist3/index9d7e.html]
[themes.muffingroup.com/be/artist3/wp-content/plugins/revslider/public/assets/fonts/revicons/revicons90c6.eot]
[themes.muffingroup.com/be/artist3/index0a69.html]
[themes.muffingroup.com/be/artist3/product/lorem-ipsum-dolor/index.html]
[themes.muffingroup.com/be/artist3/product/etiam-quis-leo/index.html]
[themes.muffingroup.com/be/artist3/wp-content/plugins/revslider/public/assets/fonts/revicons/revicons90c6.woff]
[themes.muffingroup.com/be/artist3/index7789.html]
[themes.muffingroup.com/be/artist3/product/magna-tempor/index.html]
[themes.muffingroup.com/be/artist3/wp-content/plugins/revslider/public/assets/fonts/revicons/revicons90c6.ttf]
[themes.muffingroup.com/be/artist3/indexedb8.html]
[themes.muffingroup.com/be/artist3/wp-content/plugins/revslider/public/assets/fonts/revicons/revicons90c6.svg]
[themes.muffingroup.com/be/artist3/indexaa26.html]
[themes.muffingroup.com/be/artist3/wp-content/plugins/revslider/public/assets/assets/gridtile.png]
[themes.muffingroup.com/be/artist3/wp-content/plugins/revslider/public/assets/assets/gridtile_white.png]
[themes.muffingroup.com/be/artist3/wp-content/plugins/revslider/public/assets/assets/gridtile_3x3.png]
[themes.muffingroup.com/be/artist3/wp-content/plugins/revslider/public/assets/assets/gridtile_3x3_white.png]
[themes.muffingroup.com/be/artist3/wp-content/plugins/revslider/public/assets/assets/coloredbg.png]
[themes.muffingroup.com/be/artist3/wp-content/plugins/revslider/public/assets/assets/loader.gif]
[themes.muffingroup.com/be/artist3/wp-content/cache/minify/06b19.css]
[themes.muffingroup.com/be/artist3/wp-content/plugins/woocommerce/assets/fonts/star.eot]
[themes.muffingroup.com/be/artist3/wp-content/plugins/woocommerce/assets/fonts/stard41d.eot]
[themes.muffingroup.com/be/artist3/wp-content/plugins/woocommerce/assets/fonts/star.woff]
[themes.muffingroup.com/be/artist3/wp-content/plugins/woocommerce/assets/fonts/star.ttf]
[themes.muffingroup.com/be/artist3/wp-content/plugins/woocommerce/assets/fonts/star.svg]
[themes.muffingroup.com/be/artist3/wp-content/plugins/woocommerce/assets/fonts/WooCommerce.eot]
[themes.muffingroup.com/be/artist3/wp-content/plugins/woocommerce/assets/fonts/WooCommerced41d.eot]
[themes.muffingroup.com/be/artist3/wp-content/plugins/woocommerce/assets/fonts/WooCommerce.woff]
[themes.muffingroup.com/be/artist3/wp-content/plugins/woocommerce/assets/fonts/WooCommerce.ttf]
[themes.muffingroup.com/be/artist3/wp-content/plugins/woocommerce/assets/fonts/WooCommerce.svg]
[themes.muffingroup.com/be/artist3/wp-content/plugins/woocommerce/assets/images/icons/loader.svg]
[themes.muffingroup.com/be/artist3/wp-content/plugins/woocommerce/assets/images/icons/credit-cards/visa.svg]
[themes.muffingroup.com/be/artist3/wp-content/plugins/woocommerce/assets/images/icons/credit-cards/mastercard.svg]
[themes.muffingroup.com/be/artist3/wp-content/plugins/woocommerce/assets/images/icons/credit-cards/laser.svg]
[themes.muffingroup.com/be/artist3/wp-content/plugins/woocommerce/assets/images/icons/credit-cards/diners.svg]
[themes.muffingroup.com/be/artist3/wp-content/plugins/woocommerce/assets/images/icons/credit-cards/maestro.svg]
[themes.muffingroup.com/be/artist3/wp-content/plugins/woocommerce/assets/images/icons/credit-cards/jcb.svg]
[themes.muffingroup.com/be/artist3/wp-content/plugins/woocommerce/assets/images/icons/credit-cards/amex.svg]
[themes.muffingroup.com/be/artist3/wp-content/cache/minify/e0c1f.css]
[themes.muffingroup.com/be/artist3/wp-content/plugins/woocommerce/assets/images/icons/credit-cards/discover.svg]
[themes.muffingroup.com/be/artist3/wp-content/themes/betheme/fonts/mfn-icons4cdc.eot]
[themes.muffingroup.com/be/artist3/wp-content/themes/betheme/fonts/mfn-icons4cdc.woff]
[themes.muffingroup.com/be/artist3/wp-content/themes/betheme/fonts/mfn-icons4cdc.ttf]
[themes.muffingroup.com/be/artist3/wp-content/themes/betheme/fonts/mfn-icons4cdc.svg]
[themes.muffingroup.com/be/artist3/wp-content/themes/betheme/images/stripes/stripes_5_b.png]
[themes.muffingroup.com/be/artist3/wp-content/themes/betheme/images/stripes/stripes_3_b.png]
[themes.muffingroup.com/be/artist3/wp-content/themes/betheme/images/preloader.gif]
[themes.muffingroup.com/be/artist3/wp-content/themes/betheme/images/box_shadow.png]
[themes.muffingroup.com/be/artist3/wp-content/themes/betheme/images/blog_masonry_tile_gradient.png]
[themes.muffingroup.com/be/artist3/wp-content/themes/betheme/images/timeline_right.png]
[themes.muffingroup.com/be/artist3/wp-content/themes/betheme/images/recent_comments.png]
[themes.muffingroup.com/be/artist3/wp-content/themes/betheme/images/stripes/stripes_10_w.png]
[themes.muffingroup.com/be/artist3/wp-content/themes/betheme/images/videomask.png]
[themes.muffingroup.com/be/artist3/wp-content/themes/betheme/images/stripes/textline_dark.png]
[themes.muffingroup.com/be/artist3/wp-content/themes/betheme/images/fancy_heading_hr_dark.png]
[themes.muffingroup.com/be/artist3/wp-content/themes/betheme/images/stripes/textline.png]
[themes.muffingroup.com/be/artist3/wp-content/themes/betheme/images/stripes/stripes_10_b.png]
[themes.muffingroup.com/be/artist3/wp-content/themes/betheme/images/timeline_top.png]
[themes.muffingroup.com/be/artist3/wp-content/themes/betheme/images/timeline_left.png]
[themes.muffingroup.com/be/artist3/wp-content/themes/betheme/images/fancy_heading_hr.png]
[themes.muffingroup.com/be/artist3/wp-content/themes/betheme/assets/ui/images/ui-icons_222222_256x240.png]
[themes.muffingroup.com/be/artist3/wp-content/themes/betheme/assets/ui/images/ui-bg_flat_0_aaaaaa_40x100.png]
[themes.muffingroup.com/be/artist3/wp-content/themes/betheme/assets/ui/images/bg_widget_header.png]
[themes.muffingroup.com/be/artist3/wp-content/themes/betheme/assets/ui/images/bg_widget_header_active.png]
[themes.muffingroup.com/be/artist3/wp-content/themes/betheme/images/bg_panel.png]
[themes.muffingroup.com/be/artist3/wp-content/themes/betheme/assets/ui/images/ui-bg_flat_75_ffffff_40x100.png]
[themes.muffingroup.com/be/artist3/wp-content/themes/betheme/assets/ui/images/ui-bg_glass_55_fbf9ee_1x400.png]
[themes.muffingroup.com/be/artist3/wp-content/themes/betheme/assets/ui/images/ui-bg_glass_95_fef1ec_1x400.png]
[themes.muffingroup.com/be/artist3/wp-content/themes/betheme/assets/ui/images/ui-icons_888888_256x240.png]
[themes.muffingroup.com/be/artist3/wp-content/themes/betheme/assets/ui/images/ui-icons_2e83ff_256x240.png]
[themes.muffingroup.com/be/artist3/wp-content/themes/betheme/assets/ui/images/ui-icons_cd0a0a_256x240.png]
[themes.muffingroup.com/be/artist3/wp-content/themes/betheme/assets/ui/images/ui-icons_454545_256x240.png]
[themes.muffingroup.com/be/artist3/wp-content/themes/betheme/assets/jplayer/css/jplayer.png]
[themes.muffingroup.com/be/artist3/wp-content/themes/betheme/assets/jplayer/css/jplayer.blue.monday.jpg]
[themes.muffingroup.com/be/artist3/wp-content/themes/betheme/assets/jplayer/css/jplayer.blue.monday.seeking.gif]
[themes.muffingroup.com/be/artist3/wp-content/cache/minify/81b1b.css]
[themes.muffingroup.com/be/artist3/wp-content/themes/betheme/images/shop-loader.gif]
[themes.muffingroup.com/be/artist3/wp-content/cache/minify/42d7f.css]
[themes.muffingroup.com/be/artist3/wp-content/plugins/mfn-be-demo/images/be@2x.jpg]
[themes.muffingroup.com/be/artist3/wp-content/cache/minify/de4d8.css]
[themes.muffingroup.com/be/artist3/images/transparent.png]
[themes.muffingroup.com/be/artist3/assets/transparent.png]
[themes.muffingroup.com/be/artist3/wp-content/cache/minify/42519.js]
[themes.muffingroup.com/be/artist3/xmlrpc0db0.html]
[player.vimeo.com/api/player.js]
[themes.muffingroup.com/be/artist3/wp-content/uploads/2020/06/artist3-product-2-300x300.jpg]
[themes.muffingroup.com/be/artist3/shop/feed/index.html]
[themes.muffingroup.com/be/artist3/wp-content/uploads/2020/06/artist3-product-6-300x300.jpg]
[themes.muffingroup.com/be/artist3/shop/index7054.html]
[themes.muffingroup.com/be/artist3/shop/index413e.html]
[themes.muffingroup.com/be/artist3/wp-content/uploads/2020/06/artist3-product-11-300x300.jpg]
[themes.muffingroup.com/be/artist3/wp-content/uploads/2020/06/artist3-product-5-300x300.jpg]
[themes.muffingroup.com/be/artist3/shop/index9d7e.html]
[themes.muffingroup.com/be/artist3/wp-content/uploads/2020/06/artist3-product-12-300x300.jpg]
[themes.muffingroup.com/be/artist3/shop/index0a69.html]
[themes.muffingroup.com/be/artist3/wp-content/uploads/2020/06/artist3-product-10-300x300.jpg]
[themes.muffingroup.com/be/artist3/shop/index7789.html]
[themes.muffingroup.com/be/artist3/wp-content/uploads/2020/06/artist3-product-1-300x300.jpg]
[themes.muffingroup.com/be/artist3/shop/index.html]
[themes.muffingroup.com/be/artist3/shop/indexedb8.html]
[themes.muffingroup.com/be/artist3/shop/indexacaf.html]
[themes.muffingroup.com/be/artist3/wp-json/oembed/1.0/embed4545.json]
[themes.muffingroup.com/be/artist3/product/mauris-placerat/index.html]
[themes.muffingroup.com/be/artist3/product/nulla-eu-elit/index.html]
[themes.muffingroup.com/be/artist3/shop/index7547.html]
[themes.muffingroup.com/be/artist3/product/nunc-sodales/index.html]
[themes.muffingroup.com/be/artist3/wp-json/oembed/1.0/embed3705]
[themes.muffingroup.com/be/artist3/shop/indexac00.html]
[themes.muffingroup.com/be/artist3/wp-content/uploads/2020/06/artist3-about-artist.png]
[themes.muffingroup.com/be/artist3/product/pellentesque-sed/index.html]
[themes.muffingroup.com/be/artist3/shop/index6fc7.html]
[themes.muffingroup.com/be/artist3/wp-content/uploads/2020/06/artist3-about-artist-signature.png]
[themes.muffingroup.com/be/artist3/product/risus-congue-viverra/index.html]
[themes.muffingroup.com/be/artist3/wp-content/uploads/2020/06/artist3-about-gradient.png]
[themes.muffingroup.com/be/artist3/product/sed-id-leo/index.html]
[themes.muffingroup.com/be/artist3/shop/indexc887.html]
[themes.muffingroup.com/be/artist3/wp-content/uploads/2020/06/artist3-about-icon-1.png]
[themes.muffingroup.com/be/artist3/shop/index3f1d.html]
[themes.muffingroup.com/be/artist3/wp-content/uploads/2020/06/artist3-about-icon-3.png]
[themes.muffingroup.com/be/artist3/wp-content/uploads/2020/06/artist3-about-icon-2.png]
[themes.muffingroup.com/be/artist3/product/sed-lectus/index.html]
[themes.muffingroup.com/be/artist3/wp-content/uploads/2020/06/artist3-testimonial-3.png]
[themes.muffingroup.com/be/artist3/about-me/index.html]
[themes.muffingroup.com/be/artist3/shop/indexaa11.html]
[themes.muffingroup.com/be/artist3/product/vicamus-tincidunt/index.html]
[themes.muffingroup.com/be/artist3/wp-json/oembed/1.0/embed754b.json]
[themes.muffingroup.com/be/artist3/shop/index7ad6.html]
[themes.muffingroup.com/be/artist3/wp-json/oembed/1.0/embed4f91]
[themes.muffingroup.com/be/artist3/wp-content/uploads/2020/06/artist3-process-step1.png]
[themes.muffingroup.com/be/artist3/wp-content/uploads/2020/06/artist3-process-crayons.png]
[themes.muffingroup.com/be/artist3/wp-content/uploads/2020/06/artist3-process-step2.png]
[themes.muffingroup.com/be/artist3/wp-content/uploads/2020/06/artist3-process-cheries.png]
[themes.muffingroup.com/be/artist3/wp-content/uploads/2020/06/artist3-process-step3.png]
[themes.muffingroup.com/be/artist3/wp-content/uploads/2020/06/artist3-process-gallery-1.jpg]
[themes.muffingroup.com/be/artist3/wp-content/uploads/2020/06/artist3-process-gallery-2.jpg]
[themes.muffingroup.com/be/artist3/wp-content/uploads/2020/06/artist3-process-gallery-3.jpg]
[themes.muffingroup.com/be/artist3/wp-content/uploads/2020/06/artist3-process-gallery-4.jpg]
[themes.muffingroup.com/be/artist3/process/index.html]
[themes.muffingroup.com/be/artist3/wp-json/oembed/1.0/embedfe77.json]
[themes.muffingroup.com/be/artist3/wp-json/oembed/1.0/embed03fa]
[themes.muffingroup.com/be/artist3/wp-content/uploads/2020/06/artist3-contact-icon-3.png]
[themes.muffingroup.com/be/artist3/wp-content/uploads/2020/06/artist3-contact-icon-2.png]
[themes.muffingroup.com/be/artist3/wp-content/uploads/2020/06/artist3-contact-icon-1.png]
[themes.muffingroup.com/be/artist3/contact/index.html]
[themes.muffingroup.com/be/artist3/wp-includes/css/dist/block-library/style.min.css]
[themes.muffingroup.com/be/artist3/wp-content/plugins/woocommerce/packages/woocommerce-blocks/build/style.css]
[themes.muffingroup.com/be/artist3/wp-content/plugins/contact-form-7/includes/css/styles.css]
[themes.muffingroup.com/be/artist3/wp-content/plugins/revslider/public/assets/css/rs6.css]
[themes.muffingroup.com/be/artist3/wp-content/plugins/woocommerce/assets/css/select2.css]
[themes.muffingroup.com/be/artist3/wp-content/plugins/woocommerce/assets/css/woocommerce-layout.css]
[themes.muffingroup.com/be/artist3/wp-content/plugins/woocommerce/assets/css/woocommerce-smallscreen.css]
[themes.muffingroup.com/be/artist3/wp-content/plugins/woocommerce/assets/css/woocommerce.css]
[themes.muffingroup.com/be/artist3/wp-content/themes/betheme/style.css]
[themes.muffingroup.com/be/artist3/wp-content/themes/betheme/css/base.css]
[themes.muffingroup.com/be/artist3/wp-content/themes/betheme/css/layout.css]
[themes.muffingroup.com/be/artist3/wp-content/themes/betheme/css/shortcodes.css]
[themes.muffingroup.com/be/artist3/wp-content/themes/betheme/assets/animations/animations.min.css]
[themes.muffingroup.com/be/artist3/wp-content/themes/betheme/assets/ui/jquery.ui.all.css]
[themes.muffingroup.com/be/artist3/wp-content/themes/betheme/assets/jplayer/css/jplayer.blue.monday.css]
[themes.muffingroup.com/be/artist3/wp-content/themes/betheme/css/responsive.css]
[themes.muffingroup.com/be/artist3/wp-content/themes/betheme/css/woocommerce.css]
[themes.muffingroup.com/be/artist3/wp-content/plugins/mfn-be-demo/css/style.css]
[themes.muffingroup.com/be/artist3/wp-includes/js/jquery/jquery.js]
[themes.muffingroup.com/be/artist3/wp-includes/js/jquery/jquery-migrate.min.js]
[themes.muffingroup.com/be/artist3/wp-content/plugins/revslider/public/assets/js/rbtools.min.js]
[themes.muffingroup.com/be/artist3/wp-content/plugins/revslider/public/assets/js/rs6.min.js]
[themes.muffingroup.com/be/artist3/wp-json/oembed/1.0/embed2548.json]
[themes.muffingroup.com/be/artist3/wp-json/oembed/1.0/embed008f]
[themes.muffingroup.com/be/artist3/wp-content/plugins/contact-form-7/includes/js/scripts.js]
[themes.muffingroup.com/be/artist3/wp-content/plugins/woocommerce/assets/js/jquery-blockui/jquery.blockUI.min.js]
[themes.muffingroup.com/be/artist3/wp-content/plugins/woocommerce/assets/js/frontend/add-to-cart.min.js]
[themes.muffingroup.com/be/artist3/wp-content/plugins/woocommerce/assets/js/js-cookie/js.cookie.min.js]
[themes.muffingroup.com/be/artist3/wp-content/plugins/woocommerce/assets/js/frontend/woocommerce.min.js]
[themes.muffingroup.com/be/artist3/wp-content/plugins/woocommerce/assets/js/frontend/country-select.min.js]
[themes.muffingroup.com/be/artist3/wp-content/plugins/woocommerce/assets/js/frontend/address-i18n.min.js]
[themes.muffingroup.com/be/artist3/wp-content/plugins/woocommerce/assets/js/frontend/cart.min.js]
[themes.muffingroup.com/be/artist3/wp-content/plugins/woocommerce/assets/js/selectWoo/selectWoo.full.min.js]
[themes.muffingroup.com/be/artist3/wp-content/plugins/woocommerce/assets/js/frontend/cart-fragments.min.js]
[themes.muffingroup.com/be/artist3/wp-includes/js/jquery/ui/core.min.js]
[themes.muffingroup.com/be/artist3/wp-includes/js/jquery/ui/widget.min.js]
[themes.muffingroup.com/be/artist3/wp-includes/js/jquery/ui/mouse.min.js]
[themes.muffingroup.com/be/artist3/wp-includes/js/jquery/ui/sortable.min.js]
[themes.muffingroup.com/be/artist3/wp-includes/js/jquery/ui/tabs.min.js]
[themes.muffingroup.com/be/artist3/wp-includes/js/jquery/ui/accordion.min.js]
[themes.muffingroup.com/be/artist3/wp-content/themes/betheme/js/plugins.js]
[themes.muffingroup.com/be/artist3/wp-content/themes/betheme/js/menu.js]
[themes.muffingroup.com/be/artist3/wp-content/themes/betheme/assets/animations/animations.min.js]
[themes.muffingroup.com/be/artist3/wp-content/themes/betheme/assets/jplayer/jplayer.min.js]
[themes.muffingroup.com/be/artist3/wp-content/themes/betheme/js/parallax/translate3d.js]
[themes.muffingroup.com/be/artist3/wp-content/themes/betheme/js/scripts.js]
[themes.muffingroup.com/be/artist3/wp-content/plugins/mfn-be-demo/js/scripts.js]
[themes.muffingroup.com/be/artist3/wp-includes/js/wp-embed.min.js]
[themes.muffingroup.com/be/artist3/cart/index.html]
[themes.muffingroup.com/be/artist3/wp-content/plugins/woocommerce/assets/css/photoswipe/photoswipe.min.css]
[themes.muffingroup.com/be/artist3/wp-content/plugins/woocommerce/assets/css/photoswipe/default-skin/default-skin.min.css]
[themes.muffingroup.com/be/artist3/wp-json/oembed/1.0/embed1582.json]
[themes.muffingroup.com/be/artist3/wp-json/oembed/1.0/embeda4af]
[themes.muffingroup.com/be/artist3/wp-content/uploads/2020/06/artist3-product-8.jpg]
[themes.muffingroup.com/be/artist3/wp-content/uploads/2020/06/artist3-product-8-600x600.jpg]
[themes.muffingroup.com/be/artist3/wp-content/uploads/2020/06/artist3-product-gallery-2.jpg]
[themes.muffingroup.com/be/artist3/wp-content/uploads/2020/06/artist3-product-gallery-2-600x600.jpg]
[themes.muffingroup.com/be/artist3/wp-content/uploads/2020/06/artist3-product-gallery-3.jpg]
[themes.muffingroup.com/be/artist3/wp-content/uploads/2020/06/artist3-product-gallery-3-600x600.jpg]
[themes.muffingroup.com/be/artist3/wp-content/plugins/woocommerce/assets/js/zoom/jquery.zoom.min.js]
[themes.muffingroup.com/be/artist3/wp-content/plugins/woocommerce/assets/js/flexslider/jquery.flexslider.min.js]
[themes.muffingroup.com/be/artist3/product/cras-accumsan/indexac00.html]
[themes.muffingroup.com/be/artist3/product/cras-accumsan/indexedb8.html]
[themes.muffingroup.com/be/artist3/product-category/modern/index.html]
[themes.muffingroup.com/be/artist3/product/cras-accumsan/index7547.html]
[themes.muffingroup.com/be/artist3/wp-content/plugins/woocommerce/assets/js/photoswipe/photoswipe.min.js]
[themes.muffingroup.com/be/artist3/wp-content/plugins/woocommerce/assets/js/photoswipe/photoswipe-ui-default.min.js]
[themes.muffingroup.com/be/artist3/wp-content/plugins/woocommerce/assets/js/frontend/single-product.min.js]
[themes.muffingroup.com/be/artist3/product/cras-accumsan/index.html]
[themes.muffingroup.com/be/artist3/index7054.html]
[themes.muffingroup.com/be/artist3/wp-json/oembed/1.0/embeda74c.json]
[themes.muffingroup.com/be/artist3/wp-json/oembed/1.0/embedfc45]
[themes.muffingroup.com/be/artist3/wp-content/uploads/2020/06/artist3-product-3.jpg]
[themes.muffingroup.com/be/artist3/wp-content/uploads/2020/06/artist3-product-3-600x600.jpg]
[themes.muffingroup.com/be/artist3/product/cras-iaculis-eros/index.html]
[themes.muffingroup.com/be/artist3/index413e.html]
[themes.muffingroup.com/be/artist3/product/cras-iaculis-eros/index0a69.html]
[themes.muffingroup.com/be/artist3/product/cras-iaculis-eros/index7547.html]
[themes.muffingroup.com/be/artist3/wp-json/oembed/1.0/embed77cd.json]
[themes.muffingroup.com/be/artist3/product/cras-iaculis-eros/indexac00.html]
[themes.muffingroup.com/be/artist3/wp-json/oembed/1.0/embed143f]
[themes.muffingroup.com/be/artist3/wp-content/uploads/2020/06/artist3-product-4.jpg]
[themes.muffingroup.com/be/artist3/wp-content/uploads/2020/06/artist3-product-4-600x600.jpg]
[themes.muffingroup.com/be/artist3/product/donec-porttitor/index.html]
[themes.muffingroup.com/be/artist3/index9d7e.html]
[themes.muffingroup.com/be/artist3/product/donec-porttitor/index7ad6.html]
[themes.muffingroup.com/be/artist3/product/donec-porttitor/index0a69.html]
[themes.muffingroup.com/be/artist3/product/donec-porttitor/index7054.html]
[themes.muffingroup.com/be/artist3/wp-json/oembed/1.0/embed8bf2.json]
[themes.muffingroup.com/be/artist3/wp-json/oembed/1.0/embed7622]
[themes.muffingroup.com/be/artist3/wp-content/uploads/2020/06/artist3-product-7.jpg]
[themes.muffingroup.com/be/artist3/wp-content/uploads/2020/06/artist3-product-7-600x600.jpg]
[themes.muffingroup.com/be/artist3/product/etiam-quis-leo/index.html]
[themes.muffingroup.com/be/artist3/index0a69.html]
[themes.muffingroup.com/be/artist3/product/etiam-quis-leo/index7547.html]
[themes.muffingroup.com/be/artist3/product/etiam-quis-leo/indexedb8.html]
[themes.muffingroup.com/be/artist3/wp-json/oembed/1.0/embed66c8.json]
[themes.muffingroup.com/be/artist3/product/etiam-quis-leo/indexacaf.html]
[themes.muffingroup.com/be/artist3/wp-json/oembed/1.0/embedeb27]
[themes.muffingroup.com/be/artist3/wp-content/uploads/2020/06/artist3-product-9.jpg]
[themes.muffingroup.com/be/artist3/wp-content/uploads/2020/06/artist3-product-9-600x600.jpg]
[themes.muffingroup.com/be/artist3/product/lorem-ipsum-dolor/index.html]
[themes.muffingroup.com/be/artist3/index7789.html]
[themes.muffingroup.com/be/artist3/product/lorem-ipsum-dolor/index413e.html]
[themes.muffingroup.com/be/artist3/product/lorem-ipsum-dolor/index6fc7.html]
[themes.muffingroup.com/be/artist3/wp-json/oembed/1.0/embedcc9b.json]
[themes.muffingroup.com/be/artist3/product/lorem-ipsum-dolor/indexaa11.html]
[themes.muffingroup.com/be/artist3/wp-json/oembed/1.0/embedd154]
[themes.muffingroup.com/be/artist3/wp-content/uploads/2020/06/artist3-product-13.jpg]
[themes.muffingroup.com/be/artist3/wp-content/uploads/2020/06/artist3-product-13-600x600.jpg]
[themes.muffingroup.com/be/artist3/product/magna-tempor/index.html]
[themes.muffingroup.com/be/artist3/indexedb8.html]
[themes.muffingroup.com/be/artist3/indexaa26.html]
[themes.muffingroup.com/be/artist3/wp-content/cache/minify/361f6.js]
[themes.muffingroup.com/be/artist3/wp-content/cache/minify/43e37.js]
[themes.muffingroup.com/be/artist3/wp-content/cache/minify/b9e8d.js]
[themes.muffingroup.com/be/artist3/wp-content/cache/minify/6b5ed.js]
[themes.muffingroup.com/be/artist3/wp-content/cache/minify/bcf24.js]
[themes.muffingroup.com/be/artist3/wp-content/plugins/revslider/public/assets/fonts/revicons/revicons90c6.svg]
[themes.muffingroup.com/be/artist3/wp-content/plugins/revslider/public/assets/css/openhand.html]
[themes.muffingroup.com/be/artist3/wp-content/plugins/revslider/public/assets/css/closedhand.html]
[themes.muffingroup.com/be/artist3/wp-content/plugins/woocommerce/assets/fonts/star.svg]
[themes.muffingroup.com/be/artist3/wp-content/plugins/woocommerce/assets/fonts/WooCommerce.svg]
[themes.muffingroup.com/be/artist3/wp-content/plugins/woocommerce/assets/images/icons/loader.svg]
[themes.muffingroup.com/be/artist3/wp-content/plugins/woocommerce/assets/images/icons/credit-cards/visa.svg]
[themes.muffingroup.com/be/artist3/wp-content/plugins/woocommerce/assets/images/icons/credit-cards/mastercard.svg]
[themes.muffingroup.com/be/artist3/wp-content/plugins/woocommerce/assets/images/icons/credit-cards/laser.svg]
[themes.muffingroup.com/be/artist3/wp-content/plugins/woocommerce/assets/images/icons/credit-cards/diners.svg]
[themes.muffingroup.com/be/artist3/wp-content/plugins/woocommerce/assets/images/icons/credit-cards/maestro.svg]
[themes.muffingroup.com/be/artist3/wp-content/plugins/woocommerce/assets/images/icons/credit-cards/jcb.svg]
[themes.muffingroup.com/be/artist3/wp-content/plugins/woocommerce/assets/images/icons/credit-cards/amex.svg]
[themes.muffingroup.com/be/artist3/wp-content/plugins/woocommerce/assets/images/icons/credit-cards/discover.svg]
[themes.muffingroup.com/be/artist3/wp-content/themes/betheme/fonts/mfn-icons4cdc.svg]
[themes.muffingroup.com/be/artist3/images/transparent.html]
[themes.muffingroup.com/be/artist3/assets/transparent.html]
[themes.muffingroup.com/be/artist3/origin=https_/index.html]
[themes.muffingroup.com/be/artist3/shop/index7054.html]
[themes.muffingroup.com/be/artist3/shop/index413e.html]
[themes.muffingroup.com/be/artist3/shop/index9d7e.html]
[themes.muffingroup.com/be/artist3/shop/index0a69.html]
[themes.muffingroup.com/be/artist3/shop/index7789.html]
[themes.muffingroup.com/be/artist3/shop/indexedb8.html]
[themes.muffingroup.com/be/artist3/product/magna-tempor/index9d7e.html]
[themes.muffingroup.com/be/artist3/product/magna-tempor/index6fc7.html]
[themes.muffingroup.com/be/artist3/product/magna-tempor/index7789.html]
[themes.muffingroup.com/be/artist3/wp-json/oembed/1.0/embedad63.json]
[themes.muffingroup.com/be/artist3/wp-json/oembed/1.0/embed6c8c]
[themes.muffingroup.com/be/artist3/wp-content/uploads/2020/06/artist3-product-2.jpg]
[themes.muffingroup.com/be/artist3/wp-content/uploads/2020/06/artist3-product-2-600x600.jpg]
[themes.muffingroup.com/be/artist3/product/mauris-placerat/index.html]
[themes.muffingroup.com/be/artist3/shop/indexacaf.html]
[themes.muffingroup.com/be/artist3/product/mauris-placerat/index3f1d.html]
[themes.muffingroup.com/be/artist3/product/mauris-placerat/index6fc7.html]
[themes.muffingroup.com/be/artist3/product/mauris-placerat/index7054.html]
[themes.muffingroup.com/be/artist3/wp-json/oembed/1.0/embed80a9.json]
[themes.muffingroup.com/be/artist3/wp-json/oembed/1.0/embedd3c6]
[themes.muffingroup.com/be/artist3/wp-content/uploads/2020/06/artist3-product-6.jpg]
[themes.muffingroup.com/be/artist3/wp-content/uploads/2020/06/artist3-product-6-600x600.jpg]
[themes.muffingroup.com/be/artist3/product/nulla-eu-elit/index.html]
[themes.muffingroup.com/be/artist3/shop/index7547.html]
[themes.muffingroup.com/be/artist3/product/nulla-eu-elit/index6fc7.html]
[themes.muffingroup.com/be/artist3/product/nulla-eu-elit/index3f1d.html]
[themes.muffingroup.com/be/artist3/product/nulla-eu-elit/indexaa11.html]
[themes.muffingroup.com/be/artist3/wp-json/oembed/1.0/embedcbf6.json]
[themes.muffingroup.com/be/artist3/wp-json/oembed/1.0/embed7325]
[themes.muffingroup.com/be/artist3/wp-content/uploads/2020/06/artist3-product-11.jpg]
[themes.muffingroup.com/be/artist3/wp-content/uploads/2020/06/artist3-product-11-600x600.jpg]
[themes.muffingroup.com/be/artist3/product/nunc-sodales/index.html]
[themes.muffingroup.com/be/artist3/shop/indexac00.html]
[themes.muffingroup.com/be/artist3/product/nunc-sodales/indexacaf.html]
[themes.muffingroup.com/be/artist3/product/nunc-sodales/indexc887.html]
[themes.muffingroup.com/be/artist3/product/nunc-sodales/indexaa11.html]
[themes.muffingroup.com/be/artist3/wp-json/oembed/1.0/embed82ce.json]
[themes.muffingroup.com/be/artist3/wp-json/oembed/1.0/embed67bd]
[themes.muffingroup.com/be/artist3/wp-content/uploads/2020/06/artist3-product-5.jpg]
[themes.muffingroup.com/be/artist3/wp-content/uploads/2020/06/artist3-product-5-600x600.jpg]
[themes.muffingroup.com/be/artist3/product/pellentesque-sed/index.html]
[themes.muffingroup.com/be/artist3/shop/index6fc7.html]
[themes.muffingroup.com/be/artist3/product/pellentesque-sed/index7054.html]
[themes.muffingroup.com/be/artist3/product/pellentesque-sed/indexc887.html]
[themes.muffingroup.com/be/artist3/product/pellentesque-sed/indexaa11.html]
[themes.muffingroup.com/be/artist3/wp-json/oembed/1.0/embed1c15.json]
[themes.muffingroup.com/be/artist3/wp-json/oembed/1.0/embed5715]
[themes.muffingroup.com/be/artist3/wp-content/uploads/2020/06/artist3-product-12.jpg]
[themes.muffingroup.com/be/artist3/wp-content/uploads/2020/06/artist3-product-12-600x600.jpg]
[themes.muffingroup.com/be/artist3/product/risus-congue-viverra/index.html]
[themes.muffingroup.com/be/artist3/shop/indexc887.html]
[themes.muffingroup.com/be/artist3/product/risus-congue-viverra/index0a69.html]
[themes.muffingroup.com/be/artist3/product/risus-congue-viverra/index9d7e.html]
[themes.muffingroup.com/be/artist3/wp-json/oembed/1.0/embedc572.json]
[themes.muffingroup.com/be/artist3/product/risus-congue-viverra/index413e.html]
[themes.muffingroup.com/be/artist3/wp-json/oembed/1.0/embed3cd2]
[themes.muffingroup.com/be/artist3/wp-content/uploads/2020/06/artist3-product-10.jpg]
[themes.muffingroup.com/be/artist3/wp-content/uploads/2020/06/artist3-product-10-600x600.jpg]
[themes.muffingroup.com/be/artist3/product/sed-id-leo/index.html]
[themes.muffingroup.com/be/artist3/shop/index3f1d.html]
[themes.muffingroup.com/be/artist3/product/sed-id-leo/index7054.html]
[themes.muffingroup.com/be/artist3/product/sed-id-leo/indexc887.html]
[themes.muffingroup.com/be/artist3/wp-json/oembed/1.0/embed32b0.json]
[themes.muffingroup.com/be/artist3/product/sed-id-leo/index9d7e.html]
[themes.muffingroup.com/be/artist3/product/sed-lectus/index.html]
[themes.muffingroup.com/be/artist3/wp-json/oembed/1.0/embed096d]
[themes.muffingroup.com/be/artist3/shop/indexaa11.html]
[themes.muffingroup.com/be/artist3/product/sed-lectus/indexac00.html]
[themes.muffingroup.com/be/artist3/product/sed-lectus/index6fc7.html]
[themes.muffingroup.com/be/artist3/product/sed-lectus/indexedb8.html]
[themes.muffingroup.com/be/artist3/wp-json/oembed/1.0/embed4235.json]
[themes.muffingroup.com/be/artist3/wp-json/oembed/1.0/embedc1fc]
[themes.muffingroup.com/be/artist3/wp-content/uploads/2020/06/artist3-product-1.jpg]
[themes.muffingroup.com/be/artist3/wp-content/uploads/2020/06/artist3-product-1-600x600.jpg]
[themes.muffingroup.com/be/artist3/product/vicamus-tincidunt/index.html]
[themes.muffingroup.com/be/artist3/shop/index7ad6.html]
[themes.muffingroup.com/be/artist3/index0b69.html]
[themes.muffingroup.com/be/artist3/index0e62.html]
[themes.muffingroup.com/be/artist3/index0735.html]
[themes.muffingroup.com/be/artist3/wp-includes/css/dist/block-library/style.min.css]
[themes.muffingroup.com/be/artist3/wp-content/plugins/woocommerce/packages/woocommerce-blocks/build/style.css]
[themes.muffingroup.com/be/artist3/wp-content/plugins/contact-form-7/includes/css/styles.css]
[themes.muffingroup.com/be/artist3/wp-content/plugins/revslider/public/assets/css/rs6.css]
[themes.muffingroup.com/be/artist3/wp-content/plugins/woocommerce/assets/css/select2.css]
[themes.muffingroup.com/be/artist3/wp-content/plugins/woocommerce/assets/css/woocommerce-layout.css]
[themes.muffingroup.com/be/artist3/wp-content/plugins/woocommerce/assets/css/woocommerce-smallscreen.css]
[themes.muffingroup.com/be/artist3/wp-content/plugins/woocommerce/assets/css/woocommerce.css]
[themes.muffingroup.com/be/artist3/wp-content/themes/betheme/style.css]
[themes.muffingroup.com/be/artist3/wp-content/themes/betheme/css/base.css]
[themes.muffingroup.com/be/artist3/wp-content/themes/betheme/css/layout.css]
[themes.muffingroup.com/be/artist3/wp-content/themes/betheme/css/shortcodes.css]
[themes.muffingroup.com/be/artist3/wp-content/themes/betheme/assets/animations/animations.min.css]
[themes.muffingroup.com/be/artist3/wp-content/themes/betheme/assets/ui/jquery.ui.all.css]
[themes.muffingroup.com/be/artist3/wp-content/themes/betheme/assets/jplayer/css/jplayer.blue.monday.css]
[themes.muffingroup.com/be/artist3/wp-content/themes/betheme/css/responsive.css]
[themes.muffingroup.com/be/artist3/wp-content/themes/betheme/css/woocommerce.css]
[themes.muffingroup.com/be/artist3/wp-content/plugins/mfn-be-demo/css/style.css]
[themes.muffingroup.com/be/artist3/wp-includes/js/jquery/jquery.js]
[themes.muffingroup.com/be/artist3/wp-includes/js/jquery/jquery-migrate.min.js]
[themes.muffingroup.com/be/artist3/wp-content/plugins/revslider/public/assets/js/rbtools.min.js]
[themes.muffingroup.com/be/artist3/product/vicamus-tincidunt/index0a69.html]
[themes.muffingroup.com/be/artist3/product/vicamus-tincidunt/indexaa11.html]
[themes.muffingroup.com/be/artist3/product/vicamus-tincidunt/index7054.html]
[themes.muffingroup.com/be/artist3/cart/images/transparent.png]
[themes.muffingroup.com/be/artist3/cart/assets/transparent.png]
[themes.muffingroup.com/be/artist3/wp-content/plugins/revslider/public/assets/js/rs6.min.js]
[themes.muffingroup.com/be/artist3/index2df4.html]
[themes.muffingroup.com/be/artist3/wp-content/plugins/contact-form-7/includes/js/scripts.js]
[themes.muffingroup.com/be/artist3/wp-content/plugins/woocommerce/assets/js/jquery-blockui/jquery.blockUI.min.js]
[themes.muffingroup.com/be/artist3/wp-content/plugins/woocommerce/assets/js/frontend/add-to-cart.min.js]
[themes.muffingroup.com/be/artist3/wp-content/plugins/woocommerce/assets/js/js-cookie/js.cookie.min.js]
[themes.muffingroup.com/be/artist3/wp-content/plugins/woocommerce/assets/js/frontend/woocommerce.min.js]
[themes.muffingroup.com/be/artist3/wp-content/plugins/woocommerce/assets/js/frontend/country-select.min.js]
[themes.muffingroup.com/be/artist3/wp-content/plugins/woocommerce/assets/js/frontend/address-i18n.min.js]
[themes.muffingroup.com/be/artist3/wp-content/plugins/woocommerce/assets/js/frontend/cart.min.js]
[themes.muffingroup.com/be/artist3/wp-content/plugins/woocommerce/assets/js/selectWoo/selectWoo.full.min.js]
[themes.muffingroup.com/be/artist3/wp-content/plugins/woocommerce/assets/js/frontend/cart-fragments.min.js]
[themes.muffingroup.com/be/artist3/wp-includes/js/jquery/ui/core.min.js]
[themes.muffingroup.com/be/artist3/wp-includes/js/jquery/ui/widget.min.js]
[themes.muffingroup.com/be/artist3/wp-includes/js/jquery/ui/mouse.min.js]
[themes.muffingroup.com/be/artist3/wp-includes/js/jquery/ui/sortable.min.js]
[themes.muffingroup.com/be/artist3/wp-includes/js/jquery/ui/tabs.min.js]
[themes.muffingroup.com/be/artist3/wp-includes/js/jquery/ui/accordion.min.js]
[themes.muffingroup.com/be/artist3/wp-content/themes/betheme/js/plugins.js]
[themes.muffingroup.com/be/artist3/wp-content/themes/betheme/js/menu.js]
[themes.muffingroup.com/be/artist3/wp-content/themes/betheme/assets/animations/animations.min.js]
[themes.muffingroup.com/be/artist3/wp-content/themes/betheme/assets/jplayer/jplayer.min.js]
[themes.muffingroup.com/be/artist3/wp-content/themes/betheme/js/parallax/translate3d.js]
[themes.muffingroup.com/be/artist3/wp-content/themes/betheme/js/scripts.js]
[themes.muffingroup.com/be/artist3/wp-content/plugins/mfn-be-demo/js/scripts.js]
[themes.muffingroup.com/be/artist3/wp-includes/js/wp-embed.min.js]
[themes.muffingroup.com/be/artist3/wp-content/plugins/woocommerce/assets/css/photoswipe/default-skin/default-skin.png]
[themes.muffingroup.com/be/artist3/wp-content/plugins/woocommerce/assets/css/photoswipe/photoswipe.min.css]
[themes.muffingroup.com/be/artist3/wp-content/plugins/woocommerce/assets/css/photoswipe/default-skin/default-skin.svg]
[themes.muffingroup.com/be/artist3/wp-content/plugins/woocommerce/assets/css/photoswipe/default-skin/preloader.gif]
[themes.muffingroup.com/be/artist3/wp-content/plugins/woocommerce/assets/css/photoswipe/default-skin/default-skin.min.css]
[themes.muffingroup.com/be/artist3/index0721.html]
[themes.muffingroup.com/be/artist3/product-category/modern/index.html]
[themes.muffingroup.com/be/artist3/product/cras-accumsan/indexac00.html]
[themes.muffingroup.com/be/artist3/product/cras-accumsan/indexedb8.html]
[themes.muffingroup.com/be/artist3/product/cras-accumsan/index7547.html]
[themes.muffingroup.com/be/artist3/product-category/modern/feed/index.html]
[themes.muffingroup.com/be/artist3/product-category/modern/index7054.html]
[themes.muffingroup.com/be/artist3/wp-content/plugins/woocommerce/assets/js/zoom/jquery.zoom.min.js]
[themes.muffingroup.com/be/artist3/product-category/modern/index413e.html]
[themes.muffingroup.com/be/artist3/product-category/modern/index9d7e.html]
[themes.muffingroup.com/be/artist3/wp-content/plugins/woocommerce/assets/js/flexslider/jquery.flexslider.min.js]
[themes.muffingroup.com/be/artist3/wp-content/plugins/woocommerce/assets/js/photoswipe/photoswipe.min.js]
[themes.muffingroup.com/be/artist3/product-category/modern/index0a69.html]
[themes.muffingroup.com/be/artist3/wp-content/plugins/woocommerce/assets/js/photoswipe/photoswipe-ui-default.min.js]
[themes.muffingroup.com/be/artist3/product-category/modern/index7789.html]
[themes.muffingroup.com/be/artist3/product-category/modern/indexedb8.html]
[themes.muffingroup.com/be/artist3/product-category/modern/indexacaf.html]
[themes.muffingroup.com/be/artist3/wp-content/plugins/woocommerce/assets/js/frontend/single-product.min.js]
[themes.muffingroup.com/be/artist3/indexcc0f.html]
[themes.muffingroup.com/be/artist3/product-category/modern/index7547.html]
[themes.muffingroup.com/be/artist3/product/cras-iaculis-eros/index0a69.html]
[themes.muffingroup.com/be/artist3/product-category/modern/indexac00.html]
[themes.muffingroup.com/be/artist3/product-category/modern/index6fc7.html]
[themes.muffingroup.com/be/artist3/product/cras-iaculis-eros/index7547.html]
[themes.muffingroup.com/be/artist3/product-category/modern/indexc887.html]
[themes.muffingroup.com/be/artist3/product-category/modern/index3f1d.html]
[themes.muffingroup.com/be/artist3/product/cras-iaculis-eros/indexac00.html]
[themes.muffingroup.com/be/artist3/product-category/modern/indexaa11.html]
[themes.muffingroup.com/be/artist3/product-category/modern/index7ad6.html]
[themes.muffingroup.com/be/artist3/product/cras-accumsan/indexaa11.html]
[themes.muffingroup.com/be/artist3/index8054.html]
[themes.muffingroup.com/be/artist3/product/cras-accumsan/index3f1d.html]
[themes.muffingroup.com/be/artist3/product/cras-accumsan/index7ad6.html]
[themes.muffingroup.com/be/artist3/product/donec-porttitor/index7ad6.html]
[themes.muffingroup.com/be/artist3/product/cras-accumsan/index6fc7.html]
[themes.muffingroup.com/be/artist3/product/cras-accumsan/indexc887.html]
[themes.muffingroup.com/be/artist3/product/donec-porttitor/index0a69.html]
[themes.muffingroup.com/be/artist3/product/donec-porttitor/index7054.html]
[themes.muffingroup.com/be/artist3/product/cras-iaculis-eros/indexaa11.html]
[themes.muffingroup.com/be/artist3/indexe9b4.html]
[themes.muffingroup.com/be/artist3/product/cras-iaculis-eros/index7054.html]
[themes.muffingroup.com/be/artist3/product/cras-iaculis-eros/index9d7e.html]
[themes.muffingroup.com/be/artist3/product/etiam-quis-leo/index7547.html]
[themes.muffingroup.com/be/artist3/product/cras-iaculis-eros/indexacaf.html]
[themes.muffingroup.com/be/artist3/product/donec-porttitor/index7547.html]
[themes.muffingroup.com/be/artist3/product/donec-porttitor/index6fc7.html]
[themes.muffingroup.com/be/artist3/product/etiam-quis-leo/indexedb8.html]
[themes.muffingroup.com/be/artist3/product/donec-porttitor/indexaa11.html]
[themes.muffingroup.com/be/artist3/product/donec-porttitor/indexedb8.html]
[themes.muffingroup.com/be/artist3/product/etiam-quis-leo/indexacaf.html]
[themes.muffingroup.com/be/artist3/product/donec-porttitor/index7789.html]
[themes.muffingroup.com/be/artist3/index6c46.html]
[themes.muffingroup.com/be/artist3/product/etiam-quis-leo/indexaa11.html]
[themes.muffingroup.com/be/artist3/product/etiam-quis-leo/index7054.html]
[themes.muffingroup.com/be/artist3/product/etiam-quis-leo/index6fc7.html]
[themes.muffingroup.com/be/artist3/product/lorem-ipsum-dolor/index413e.html]
[themes.muffingroup.com/be/artist3/product/lorem-ipsum-dolor/index6fc7.html]
[themes.muffingroup.com/be/artist3/product/lorem-ipsum-dolor/indexaa11.html]
[themes.muffingroup.com/be/artist3/product/etiam-quis-leo/indexc887.html]
[themes.muffingroup.com/be/artist3/index8cd4.html]
[themes.muffingroup.com/be/artist3/product/lorem-ipsum-dolor/index7ad6.html]
[themes.muffingroup.com/be/artist3/product/lorem-ipsum-dolor/indexacaf.html]
[themes.muffingroup.com/be/artist3/product/lorem-ipsum-dolor/index7547.html]
[themes.muffingroup.com/be/artist3/product/magna-tempor/index9d7e.html]
[themes.muffingroup.com/be/artist3/product/magna-tempor/index6fc7.html]
[themes.muffingroup.com/be/artist3/product/lorem-ipsum-dolor/indexac00.html]
[themes.muffingroup.com/be/artist3/product/magna-tempor/index7789.html]
[themes.muffingroup.com/be/artist3/product/lorem-ipsum-dolor/index3f1d.html]
[themes.muffingroup.com/be/artist3/product/magna-tempor/index7547.html]
[themes.muffingroup.com/be/artist3/product/magna-tempor/index413e.html]
[themes.muffingroup.com/be/artist3/index5fb3.html]
[themes.muffingroup.com/be/artist3/product/mauris-placerat/index3f1d.html]
[themes.muffingroup.com/be/artist3/product/magna-tempor/index7054.html]
[themes.muffingroup.com/be/artist3/product/mauris-placerat/index6fc7.html]
[themes.muffingroup.com/be/artist3/product/magna-tempor/index3f1d.html]
[themes.muffingroup.com/be/artist3/product/magna-tempor/index7ad6.html]
[themes.muffingroup.com/be/artist3/product/magna-tempor/indexc887.html]
[themes.muffingroup.com/be/artist3/product/mauris-placerat/index7054.html]
[themes.muffingroup.com/be/artist3/product/mauris-placerat/index9d7e.html]
[themes.muffingroup.com/be/artist3/index9787.html]
[themes.muffingroup.com/be/artist3/product/mauris-placerat/index7789.html]
[themes.muffingroup.com/be/artist3/product/mauris-placerat/index0a69.html]
[themes.muffingroup.com/be/artist3/product/mauris-placerat/index7547.html]
[themes.muffingroup.com/be/artist3/product/nulla-eu-elit/indexaa11.html]
[themes.muffingroup.com/be/artist3/product/nulla-eu-elit/index6fc7.html]
[themes.muffingroup.com/be/artist3/product/mauris-placerat/indexc887.html]
[themes.muffingroup.com/be/artist3/product/nulla-eu-elit/index3f1d.html]
[themes.muffingroup.com/be/artist3/product/mauris-placerat/indexedb8.html]
[themes.muffingroup.com/be/artist3/product/nulla-eu-elit/index9d7e.html]
[themes.muffingroup.com/be/artist3/product/nulla-eu-elit/indexedb8.html]
[themes.muffingroup.com/be/artist3/index5c36.html]
[themes.muffingroup.com/be/artist3/product/nunc-sodales/indexacaf.html]
[themes.muffingroup.com/be/artist3/product/nulla-eu-elit/index7054.html]
[themes.muffingroup.com/be/artist3/product/nunc-sodales/indexc887.html]
[themes.muffingroup.com/be/artist3/product/nulla-eu-elit/indexc887.html]
[themes.muffingroup.com/be/artist3/product/nulla-eu-elit/index7789.html]
[themes.muffingroup.com/be/artist3/product/nunc-sodales/index7789.html]
[themes.muffingroup.com/be/artist3/product/nunc-sodales/indexaa11.html]
[themes.muffingroup.com/be/artist3/product/nunc-sodales/index6fc7.html]
[themes.muffingroup.com/be/artist3/index2dc8.html]
[themes.muffingroup.com/be/artist3/product/nunc-sodales/index413e.html]
[themes.muffingroup.com/be/artist3/product/nunc-sodales/indexedb8.html]
[themes.muffingroup.com/be/artist3/product/nunc-sodales/index0a69.html]
[themes.muffingroup.com/be/artist3/product/pellentesque-sed/indexaa11.html]
[themes.muffingroup.com/be/artist3/product/pellentesque-sed/index7054.html]
[themes.muffingroup.com/be/artist3/product/nunc-sodales/index7ad6.html]
[themes.muffingroup.com/be/artist3/product/pellentesque-sed/indexc887.html]
[themes.muffingroup.com/be/artist3/product/nunc-sodales/index3f1d.html]
[themes.muffingroup.com/be/artist3/product/pellentesque-sed/index9d7e.html]
[themes.muffingroup.com/be/artist3/index2cce.html]
[themes.muffingroup.com/be/artist3/product/pellentesque-sed/index7789.html]
[themes.muffingroup.com/be/artist3/product/pellentesque-sed/index0a69.html]
[themes.muffingroup.com/be/artist3/product/risus-congue-viverra/index0a69.html]
[themes.muffingroup.com/be/artist3/product/pellentesque-sed/index7ad6.html]
[themes.muffingroup.com/be/artist3/product/risus-congue-viverra/index9d7e.html]
[themes.muffingroup.com/be/artist3/product/pellentesque-sed/indexac00.html]
[themes.muffingroup.com/be/artist3/product/pellentesque-sed/index7547.html]
[themes.muffingroup.com/be/artist3/product/risus-congue-viverra/index413e.html]
[themes.muffingroup.com/be/artist3/product/risus-congue-viverra/indexac00.html]
[themes.muffingroup.com/be/artist3/product/risus-congue-viverra/index7054.html]
[themes.muffingroup.com/be/artist3/index094d.html]
[themes.muffingroup.com/be/artist3/product/sed-id-leo/indexc887.html]
[themes.muffingroup.com/be/artist3/product/risus-congue-viverra/indexaa11.html]
[themes.muffingroup.com/be/artist3/product/sed-id-leo/index7054.html]
[themes.muffingroup.com/be/artist3/product/risus-congue-viverra/indexacaf.html]
[themes.muffingroup.com/be/artist3/product/risus-congue-viverra/index3f1d.html]
[themes.muffingroup.com/be/artist3/product/sed-id-leo/index9d7e.html]
[themes.muffingroup.com/be/artist3/product/sed-id-leo/index7789.html]
[themes.muffingroup.com/be/artist3/product/sed-id-leo/indexaa11.html]
[themes.muffingroup.com/be/artist3/index1098.html]
[themes.muffingroup.com/be/artist3/product/sed-lectus/indexedb8.html]
[themes.muffingroup.com/be/artist3/product/sed-lectus/indexac00.html]
[themes.muffingroup.com/be/artist3/product/sed-id-leo/index413e.html]
[themes.muffingroup.com/be/artist3/product/sed-lectus/index6fc7.html]
[themes.muffingroup.com/be/artist3/product/sed-id-leo/index7ad6.html]
[themes.muffingroup.com/be/artist3/product/sed-lectus/index7054.html]
[themes.muffingroup.com/be/artist3/product/sed-lectus/index0a69.html]
[themes.muffingroup.com/be/artist3/index4579.html]
[themes.muffingroup.com/be/artist3/product/sed-lectus/indexc887.html]
[themes.muffingroup.com/be/artist3/product/vicamus-tincidunt/index7054.html]
[themes.muffingroup.com/be/artist3/product/sed-lectus/indexacaf.html]
[themes.muffingroup.com/be/artist3/product/sed-lectus/index413e.html]
[themes.muffingroup.com/be/artist3/product/sed-lectus/index7547.html]
[themes.muffingroup.com/be/artist3/product/vicamus-tincidunt/index0a69.html]
[themes.muffingroup.com/be/artist3/product/vicamus-tincidunt/indexaa11.html]
[themes.muffingroup.com/be/artist3/product/vicamus-tincidunt/index413e.html]
[themes.muffingroup.com/be/artist3/product/sed-lectus/index7ad6.html]
[themes.muffingroup.com/be/artist3/cart/images/transparent.html]
[themes.muffingroup.com/be/artist3/cart/assets/transparent.html]
[themes.muffingroup.com/be/artist3/cart/origin=https_/index.html]
[themes.muffingroup.com/be/artist3/product/vicamus-tincidunt/indexac00.html]
[themes.muffingroup.com/be/artist3/product/vicamus-tincidunt/indexc887.html]
[themes.muffingroup.com/be/artist3/wp-content/plugins/woocommerce/assets/css/photoswipe/default-skin/default-skin.svg]
[themes.muffingroup.com/be/artist3/product-category/modern/index7054.html]
[themes.muffingroup.com/be/artist3/product-category/modern/index413e.html]
[themes.muffingroup.com/be/artist3/product-category/modern/index9d7e.html]
[themes.muffingroup.com/be/artist3/product-category/modern/index0a69.html]
[themes.muffingroup.com/be/artist3/product-category/modern/index7789.html]
[themes.muffingroup.com/be/artist3/product-category/modern/indexedb8.html]
[themes.muffingroup.com/be/artist3/product-category/modern/indexacaf.html]
[themes.muffingroup.com/be/artist3/product-category/modern/index7547.html]
[themes.muffingroup.com/be/artist3/product-category/modern/indexac00.html]
[themes.muffingroup.com/be/artist3/product-category/modern/index6fc7.html]
[themes.muffingroup.com/be/artist3/product-category/modern/indexc887.html]
[themes.muffingroup.com/be/artist3/product-category/modern/index3f1d.html]
[themes.muffingroup.com/be/artist3/product-category/modern/indexaa11.html]
[themes.muffingroup.com/be/artist3/product-category/modern/index7ad6.html]
[themes.muffingroup.com/be/artist3/product/cras-accumsan/indexaa11.html]
[themes.muffingroup.com/be/artist3/product/cras-accumsan/index3f1d.html]
[themes.muffingroup.com/be/artist3/product/cras-accumsan/index7ad6.html]
[themes.muffingroup.com/be/artist3/product/vicamus-tincidunt/index3f1d.html]
[themes.muffingroup.com/be/artist3/product/cras-accumsan/index6fc7.html]
[themes.muffingroup.com/be/artist3/product/cras-accumsan/index413e.html]
[themes.muffingroup.com/be/artist3/product/cras-accumsan/index9d7e.html]
[themes.muffingroup.com/be/artist3/product/cras-accumsan/indexacaf.html]
[themes.muffingroup.com/be/artist3/product/cras-accumsan/index7789.html]
[themes.muffingroup.com/be/artist3/product/cras-accumsan/indexc887.html]
[themes.muffingroup.com/be/artist3/product/cras-iaculis-eros/indexaa11.html]
[themes.muffingroup.com/be/artist3/product/cras-iaculis-eros/index7054.html]
[themes.muffingroup.com/be/artist3/product/cras-accumsan/index0a69.html]
[themes.muffingroup.com/be/artist3/product/cras-iaculis-eros/index7789.html]
[themes.muffingroup.com/be/artist3/product/cras-iaculis-eros/index6fc7.html]
[themes.muffingroup.com/be/artist3/product/cras-iaculis-eros/index7ad6.html]
[themes.muffingroup.com/be/artist3/product/cras-iaculis-eros/index9d7e.html]
[themes.muffingroup.com/be/artist3/product/cras-iaculis-eros/indexacaf.html]
[themes.muffingroup.com/be/artist3/product/donec-porttitor/index7547.html]
[themes.muffingroup.com/be/artist3/product/donec-porttitor/index6fc7.html]
[themes.muffingroup.com/be/artist3/product/donec-porttitor/indexedb8.html]
[themes.muffingroup.com/be/artist3/product/cras-iaculis-eros/indexc887.html]
[themes.muffingroup.com/be/artist3/product/cras-iaculis-eros/indexedb8.html]
[themes.muffingroup.com/be/artist3/product/donec-porttitor/indexaa11.html]
[themes.muffingroup.com/be/artist3/product/donec-porttitor/index7789.html]
[themes.muffingroup.com/be/artist3/product/donec-porttitor/index3f1d.html]
[themes.muffingroup.com/be/artist3/product/etiam-quis-leo/indexaa11.html]
[themes.muffingroup.com/be/artist3/product/donec-porttitor/indexc887.html]
[themes.muffingroup.com/be/artist3/product/etiam-quis-leo/index7054.html]
[themes.muffingroup.com/be/artist3/product/etiam-quis-leo/index6fc7.html]
[themes.muffingroup.com/be/artist3/product/etiam-quis-leo/indexc887.html]
[themes.muffingroup.com/be/artist3/product/lorem-ipsum-dolor/indexacaf.html]
[themes.muffingroup.com/be/artist3/product/donec-porttitor/indexac00.html]
[themes.muffingroup.com/be/artist3/product/lorem-ipsum-dolor/index7ad6.html]
[themes.muffingroup.com/be/artist3/product/lorem-ipsum-dolor/index7547.html]
[themes.muffingroup.com/be/artist3/product/etiam-quis-leo/indexac00.html]
[themes.muffingroup.com/be/artist3/product/etiam-quis-leo/index3f1d.html]
[themes.muffingroup.com/be/artist3/product/lorem-ipsum-dolor/index0a69.html]
[themes.muffingroup.com/be/artist3/product/lorem-ipsum-dolor/indexac00.html]
[themes.muffingroup.com/be/artist3/product/lorem-ipsum-dolor/index3f1d.html]
[themes.muffingroup.com/be/artist3/product/magna-tempor/index7547.html]
[themes.muffingroup.com/be/artist3/product/lorem-ipsum-dolor/indexc887.html]
[themes.muffingroup.com/be/artist3/product/magna-tempor/index413e.html]
[themes.muffingroup.com/be/artist3/product/lorem-ipsum-dolor/indexedb8.html]
[themes.muffingroup.com/be/artist3/product/lorem-ipsum-dolor/index7054.html]
[themes.muffingroup.com/be/artist3/product/magna-tempor/indexaa11.html]
[themes.muffingroup.com/be/artist3/product/magna-tempor/index7054.html]
[themes.muffingroup.com/be/artist3/product/magna-tempor/index3f1d.html]
[themes.muffingroup.com/be/artist3/product/magna-tempor/index7ad6.html]
[themes.muffingroup.com/be/artist3/product/magna-tempor/indexc887.html]
[themes.muffingroup.com/be/artist3/product/mauris-placerat/index9d7e.html]
[themes.muffingroup.com/be/artist3/product/magna-tempor/indexac00.html]
[themes.muffingroup.com/be/artist3/product/mauris-placerat/indexaa11.html]
[themes.muffingroup.com/be/artist3/product/mauris-placerat/index0a69.html]
[themes.muffingroup.com/be/artist3/product/mauris-placerat/index7547.html]
[themes.muffingroup.com/be/artist3/product/mauris-placerat/index7789.html]
[themes.muffingroup.com/be/artist3/product/magna-tempor/indexacaf.html]
[themes.muffingroup.com/be/artist3/product/mauris-placerat/indexac00.html]
[themes.muffingroup.com/be/artist3/product/mauris-placerat/indexc887.html]
[themes.muffingroup.com/be/artist3/product/mauris-placerat/indexedb8.html]
[themes.muffingroup.com/be/artist3/product/nulla-eu-elit/index9d7e.html]
[themes.muffingroup.com/be/artist3/product/nulla-eu-elit/indexedb8.html]
[themes.muffingroup.com/be/artist3/product/mauris-placerat/index7ad6.html]
[themes.muffingroup.com/be/artist3/product/mauris-placerat/index413e.html]
[themes.muffingroup.com/be/artist3/product/nulla-eu-elit/index0a69.html]
[themes.muffingroup.com/be/artist3/product/nulla-eu-elit/indexacaf.html]
[themes.muffingroup.com/be/artist3/product/nulla-eu-elit/index7054.html]
[themes.muffingroup.com/be/artist3/product/nulla-eu-elit/indexc887.html]
[themes.muffingroup.com/be/artist3/product/nulla-eu-elit/index7789.html]
[themes.muffingroup.com/be/artist3/product/nunc-sodales/index7789.html]
[themes.muffingroup.com/be/artist3/product/nunc-sodales/index6fc7.html]
[themes.muffingroup.com/be/artist3/product/nunc-sodales/index413e.html]
[themes.muffingroup.com/be/artist3/product/nunc-sodales/indexedb8.html]
[themes.muffingroup.com/be/artist3/product/nunc-sodales/index0a69.html]
[themes.muffingroup.com/be/artist3/product/nunc-sodales/index7ad6.html]
[themes.muffingroup.com/be/artist3/product/nunc-sodales/index3f1d.html]
[themes.muffingroup.com/be/artist3/product/pellentesque-sed/index9d7e.html]
[themes.muffingroup.com/be/artist3/product/pellentesque-sed/index7789.html]
[themes.muffingroup.com/be/artist3/product/nulla-eu-elit/indexac00.html]
[themes.muffingroup.com/be/artist3/product/pellentesque-sed/index0a69.html]
[themes.muffingroup.com/be/artist3/product/pellentesque-sed/index7ad6.html]
[themes.muffingroup.com/be/artist3/product/pellentesque-sed/indexac00.html]
[themes.muffingroup.com/be/artist3/product/pellentesque-sed/index7547.html]
[themes.muffingroup.com/be/artist3/product/risus-congue-viverra/indexac00.html]
[themes.muffingroup.com/be/artist3/product/nunc-sodales/index7054.html]
[themes.muffingroup.com/be/artist3/product/risus-congue-viverra/index7054.html]
[themes.muffingroup.com/be/artist3/product/nunc-sodales/index7547.html]
[themes.muffingroup.com/be/artist3/product/pellentesque-sed/indexacaf.html]
[themes.muffingroup.com/be/artist3/product/risus-congue-viverra/indexaa11.html]
[themes.muffingroup.com/be/artist3/product/risus-congue-viverra/index7ad6.html]
[themes.muffingroup.com/be/artist3/product/risus-congue-viverra/indexacaf.html]
[themes.muffingroup.com/be/artist3/product/risus-congue-viverra/index3f1d.html]
[themes.muffingroup.com/be/artist3/product/sed-id-leo/index7789.html]
[themes.muffingroup.com/be/artist3/product/risus-congue-viverra/index7789.html]
[themes.muffingroup.com/be/artist3/product/risus-congue-viverra/index7547.html]
[themes.muffingroup.com/be/artist3/product/sed-id-leo/indexaa11.html]
[themes.muffingroup.com/be/artist3/product/risus-congue-viverra/indexedb8.html]
[themes.muffingroup.com/be/artist3/product/sed-id-leo/index413e.html]
[themes.muffingroup.com/be/artist3/product/sed-id-leo/index7ad6.html]
[themes.muffingroup.com/be/artist3/product/sed-lectus/index0a69.html]
[themes.muffingroup.com/be/artist3/product/sed-lectus/index7054.html]
[themes.muffingroup.com/be/artist3/product/sed-id-leo/index7547.html]
[themes.muffingroup.com/be/artist3/product/sed-lectus/indexc887.html]
[themes.muffingroup.com/be/artist3/product/sed-id-leo/indexac00.html]
[themes.muffingroup.com/be/artist3/product/sed-id-leo/index0a69.html]
[themes.muffingroup.com/be/artist3/product/sed-lectus/index9d7e.html]
[themes.muffingroup.com/be/artist3/product/sed-lectus/index413e.html]
[themes.muffingroup.com/be/artist3/product/sed-lectus/indexacaf.html]
[themes.muffingroup.com/be/artist3/product/sed-lectus/index7547.html]
[themes.muffingroup.com/be/artist3/product/sed-lectus/index7ad6.html]
[themes.muffingroup.com/be/artist3/product/vicamus-tincidunt/index413e.html]
[themes.muffingroup.com/be/artist3/product/vicamus-tincidunt/indexac00.html]
[themes.muffingroup.com/be/artist3/product/vicamus-tincidunt/indexc887.html]
[themes.muffingroup.com/be/artist3/product/vicamus-tincidunt/index3f1d.html]
[themes.muffingroup.com/be/artist3/product/sed-lectus/index7789.html]
[themes.muffingroup.com/be/artist3/product/cras-accumsan/index413e.html]
[themes.muffingroup.com/be/artist3/product/cras-accumsan/index9d7e.html]
[themes.muffingroup.com/be/artist3/product/cras-accumsan/index7789.html]
[themes.muffingroup.com/be/artist3/product/cras-accumsan/indexacaf.html]
[themes.muffingroup.com/be/artist3/product/cras-accumsan/index0a69.html]
[themes.muffingroup.com/be/artist3/product/cras-iaculis-eros/index6fc7.html]
[themes.muffingroup.com/be/artist3/product/vicamus-tincidunt/index9d7e.html]
[themes.muffingroup.com/be/artist3/product/vicamus-tincidunt/index7547.html]
[themes.muffingroup.com/be/artist3/product/vicamus-tincidunt/indexedb8.html]
[themes.muffingroup.com/be/artist3/product/cras-iaculis-eros/index7ad6.html]
[themes.muffingroup.com/be/artist3/product/cras-iaculis-eros/index7789.html]
[themes.muffingroup.com/be/artist3/product/cras-iaculis-eros/indexedb8.html]
[themes.muffingroup.com/be/artist3/product/cras-iaculis-eros/indexc887.html]
[themes.muffingroup.com/be/artist3/product/donec-porttitor/index3f1d.html]
[themes.muffingroup.com/be/artist3/product/donec-porttitor/indexc887.html]
[themes.muffingroup.com/be/artist3/product/donec-porttitor/indexac00.html]
[themes.muffingroup.com/be/artist3/product/etiam-quis-leo/index3f1d.html]
[themes.muffingroup.com/be/artist3/product/cras-iaculis-eros/index3f1d.html]
[themes.muffingroup.com/be/artist3/product/etiam-quis-leo/indexac00.html]
[themes.muffingroup.com/be/artist3/product/lorem-ipsum-dolor/index0a69.html]
[themes.muffingroup.com/be/artist3/product/lorem-ipsum-dolor/indexc887.html]
[themes.muffingroup.com/be/artist3/product/lorem-ipsum-dolor/indexedb8.html]
[themes.muffingroup.com/be/artist3/product/lorem-ipsum-dolor/index7054.html]
[themes.muffingroup.com/be/artist3/product/magna-tempor/indexaa11.html]
[themes.muffingroup.com/be/artist3/product/magna-tempor/indexac00.html]
[themes.muffingroup.com/be/artist3/product/magna-tempor/indexacaf.html]
[themes.muffingroup.com/be/artist3/product/mauris-placerat/indexaa11.html]
[themes.muffingroup.com/be/artist3/product/donec-porttitor/index413e.html]
[themes.muffingroup.com/be/artist3/product/mauris-placerat/indexac00.html]
[themes.muffingroup.com/be/artist3/product/mauris-placerat/index413e.html]
[themes.muffingroup.com/be/artist3/product/mauris-placerat/index7ad6.html]
[themes.muffingroup.com/be/artist3/product/nulla-eu-elit/index0a69.html]
[themes.muffingroup.com/be/artist3/product/nulla-eu-elit/indexacaf.html]
[themes.muffingroup.com/be/artist3/product/nulla-eu-elit/indexac00.html]
[themes.muffingroup.com/be/artist3/product/nunc-sodales/index7054.html]
[themes.muffingroup.com/be/artist3/product/donec-porttitor/indexacaf.html]
[themes.muffingroup.com/be/artist3/product/etiam-quis-leo/index413e.html]
[themes.muffingroup.com/be/artist3/product/nunc-sodales/index7547.html]
[themes.muffingroup.com/be/artist3/product/pellentesque-sed/indexacaf.html]
[themes.muffingroup.com/be/artist3/product/risus-congue-viverra/index7ad6.html]
[themes.muffingroup.com/be/artist3/product/risus-congue-viverra/index7789.html]
[themes.muffingroup.com/be/artist3/product/risus-congue-viverra/index7547.html]
[themes.muffingroup.com/be/artist3/product/risus-congue-viverra/indexedb8.html]
[themes.muffingroup.com/be/artist3/product/sed-id-leo/index7547.html]
[themes.muffingroup.com/be/artist3/product/sed-id-leo/indexac00.html]
[themes.muffingroup.com/be/artist3/product/sed-id-leo/index0a69.html]
[themes.muffingroup.com/be/artist3/product/sed-lectus/index9d7e.html]
[themes.muffingroup.com/be/artist3/product/sed-lectus/index7789.html]
[themes.muffingroup.com/be/artist3/product/vicamus-tincidunt/index9d7e.html]
[themes.muffingroup.com/be/artist3/product/vicamus-tincidunt/index7547.html]
[themes.muffingroup.com/be/artist3/product/nulla-eu-elit/index413e.html]
[themes.muffingroup.com/be/artist3/product/nunc-sodales/index9d7e.html]
[themes.muffingroup.com/be/artist3/product/vicamus-tincidunt/indexedb8.html]
[themes.muffingroup.com/be/artist3/product/cras-iaculis-eros/index3f1d.html]
[themes.muffingroup.com/be/artist3/product/donec-porttitor/indexacaf.html]
[themes.muffingroup.com/be/artist3/product/donec-porttitor/index413e.html]
[themes.muffingroup.com/be/artist3/product/etiam-quis-leo/index413e.html]
[themes.muffingroup.com/be/artist3/product/nulla-eu-elit/index413e.html]
[themes.muffingroup.com/be/artist3/product/risus-congue-viverra/index6fc7.html]
[themes.muffingroup.com/be/artist3/product/nunc-sodales/index9d7e.html]
[themes.muffingroup.com/be/artist3/product/vicamus-tincidunt/index6fc7.html]
[themes.muffingroup.com/be/artist3/product/risus-congue-viverra/index6fc7.html]
[themes.muffingroup.com/be/artist3/product/vicamus-tincidunt/index6fc7.html]
[themes.muffingroup.com/be/artist3/product/nulla-eu-elit/index7ad6.html]
[themes.muffingroup.com/be/artist3/product/etiam-quis-leo/index7ad6.html]
[themes.muffingroup.com/be/artist3/product/etiam-quis-leo/index7ad6.html]
[themes.muffingroup.com/be/artist3/product/nulla-eu-elit/index7ad6.html]
[themes.muffingroup.com/be/artist3/product/etiam-quis-leo/index9d7e.html]
[themes.muffingroup.com/be/artist3/product/etiam-quis-leo/index9d7e.html]
